\BOOKMARK [-1][]{thuchapter.1.-1}{\376\377\127\372\116\216\123\117\124\014\137\025\133\374\166\204\131\032\152\041\140\001\165\037\142\020\137\017\143\250\203\120\145\271\154\325\170\024\172\166}{}% 1
\BOOKMARK [0][]{thuchapter.2.0}{\376\377\121\163\116\216\213\272\145\207\117\177\165\050\143\210\147\103\166\204\213\364\146\016}{thuchapter.1.-1}% 2
\BOOKMARK [0][]{thuchapter.3.0}{\376\377\144\130\211\201}{thuchapter.1.-1}% 3
\BOOKMARK [0][]{thuchapter.4.0}{\376\377\000A\000b\000s\000t\000r\000a\000c\000t}{thuchapter.1.-1}% 4
\BOOKMARK [0][]{thuchapter.5.0}{\376\377\166\356\137\125}{thuchapter.1.-1}% 5
\BOOKMARK [0][]{thuchapter.6.0}{\376\377\143\322\126\376\156\005\123\125}{thuchapter.1.-1}% 6
\BOOKMARK [0][]{thuchapter.7.0}{\376\377\226\104\210\150\156\005\123\125}{thuchapter.1.-1}% 7
\BOOKMARK [0][]{chapter.1}{\376\377\173\054\0001\172\340\000\040\176\352\213\272}{thuchapter.1.-1}% 8
\BOOKMARK [1][-]{section.1.1}{\376\377\0001\000.\0001\000\040\170\024\172\166\200\314\146\157\116\016\141\017\116\111}{chapter.1}% 9
\BOOKMARK [1][-]{section.1.2}{\376\377\0001\000.\0002\000\040\170\024\172\166\121\205\133\271\116\016\122\033\145\260\160\271}{chapter.1}% 10
\BOOKMARK [1][-]{section.1.3}{\376\377\0001\000.\0003\000\040\213\272\145\207\176\304\176\307\176\323\147\204}{chapter.1}% 11
\BOOKMARK [0][]{chapter.2}{\376\377\173\054\0002\172\340\000\040\166\370\121\163\135\345\117\134}{thuchapter.1.-1}% 12
\BOOKMARK [1][-]{section.2.1}{\376\377\0002\000.\0001\000\040\136\217\122\027\143\250\203\120}{chapter.2}% 13
\BOOKMARK [1][-]{section.2.2}{\376\377\0002\000.\0002\000\040\165\037\142\020\137\017\143\250\203\120}{chapter.2}% 14
\BOOKMARK [1][-]{section.2.3}{\376\377\0002\000.\0003\000\040\213\355\116\111\000I\000D\147\204\136\372\145\271\154\325}{chapter.2}% 15
\BOOKMARK [2][-]{subsection.2.3.1}{\376\377\0002\000.\0003\000.\0001\000\040\000R\000Q\000-\000V\000A\000E}{section.2.3}% 16
\BOOKMARK [2][-]{subsection.2.3.2}{\376\377\0002\000.\0003\000.\0002\000\040\000R\000Q\000-\000K\000M\000e\000a\000n\000s}{section.2.3}% 17
\BOOKMARK [2][-]{subsection.2.3.3}{\376\377\0002\000.\0003\000.\0003\000\040\000L\000E\000T\000T\000E\000R}{section.2.3}% 18
\BOOKMARK [1][-]{section.2.4}{\376\377\0002\000.\0004\000\040\131\032\152\041\140\001\143\250\203\120}{chapter.2}% 19
\BOOKMARK [0][]{chapter.3}{\376\377\173\054\0003\172\340\000\040\127\372\116\216\123\117\124\014\137\025\133\374\166\204\131\032\152\041\140\001\213\355\116\111\000I\000D\147\204\136\372\145\271\154\325}{thuchapter.1.-1}% 20
\BOOKMARK [1][-]{section.3.1}{\376\377\0003\000.\0001\000\040\225\356\230\230\133\232\116\111}{chapter.3}% 21
\BOOKMARK [1][-]{section.3.2}{\376\377\0003\000.\0002\000\040\145\164\117\123\150\106\147\266}{chapter.3}% 22
\BOOKMARK [1][-]{section.3.3}{\376\377\0003\000.\0003\000\040\131\032\152\041\140\001\135\114\121\145\143\320\123\326}{chapter.3}% 23
\BOOKMARK [2][-]{subsection.3.3.1}{\376\377\0003\000.\0003\000.\0001\000\040\145\207\147\054\135\114\121\145}{section.3.3}% 24
\BOOKMARK [2][-]{subsection.3.3.2}{\376\377\0003\000.\0003\000.\0002\000\040\126\376\120\317\135\114\121\145}{section.3.3}% 25
\BOOKMARK [2][-]{subsection.3.3.3}{\376\377\0003\000.\0003\000.\0003\000\040\123\117\124\014\217\307\156\344\135\114\121\145}{section.3.3}% 26
\BOOKMARK [1][-]{section.3.4}{\376\377\0003\000.\0004\000\040\127\372\116\216\123\117\124\014\137\025\133\374\166\204\131\032\152\041\140\001\207\215\124\010\152\041\127\127}{chapter.3}% 27
\BOOKMARK [2][-]{subsection.3.4.1}{\376\377\0003\000.\0004\000.\0001\000\040\162\171\137\201\133\371\237\120\142\225\137\161\126\150}{section.3.4}% 28
\BOOKMARK [2][-]{subsection.3.4.2}{\376\377\0003\000.\0004\000.\0002\000\040\123\117\124\014\137\025\133\374\116\244\123\311\154\350\141\017\122\233\177\121\176\334}{section.3.4}% 29
\BOOKMARK [2][-]{subsection.3.4.3}{\376\377\0003\000.\0004\000.\0003\000\040\170\001\147\054\162\171\137\201\146\040\134\004\126\150}{section.3.4}% 30
\BOOKMARK [1][-]{section.3.5}{\376\377\0003\000.\0005\000\040\153\213\135\356\124\021\221\317\221\317\123\026}{chapter.3}% 31
\BOOKMARK [1][-]{section.3.6}{\376\377\0003\000.\0006\000\040\143\137\131\061\121\375\145\160\213\276\213\241}{chapter.3}% 32
\BOOKMARK [1][-]{section.3.7}{\376\377\0003\000.\0007\000\040\000S\000i\000n\000k\000h\000o\000r\000n\170\260\144\236\117\030\123\026}{chapter.3}% 33
\BOOKMARK [1][-]{section.3.8}{\376\377\0003\000.\0008\000\040\147\054\172\340\134\017\176\323}{chapter.3}% 34
\BOOKMARK [0][]{chapter.4}{\376\377\173\054\0004\172\340\000\040\133\236\232\214}{thuchapter.1.-1}% 35
\BOOKMARK [1][-]{section.4.1}{\376\377\0004\000.\0001\000\040\133\236\232\214\213\276\177\156}{chapter.4}% 36
\BOOKMARK [2][-]{subsection.4.1.1}{\376\377\0004\000.\0001\000.\0001\000\040\145\160\143\156\226\306}{section.4.1}% 37
\BOOKMARK [2][-]{subsection.4.1.2}{\376\377\0004\000.\0001\000.\0002\000\040\213\304\116\367\143\007\150\007}{section.4.1}% 38
\BOOKMARK [2][-]{subsection.4.1.3}{\376\377\0004\000.\0001\000.\0003\000\040\127\372\176\277\145\271\154\325}{section.4.1}% 39
\BOOKMARK [2][-]{subsection.4.1.4}{\376\377\0004\000.\0001\000.\0004\000\040\116\013\156\070\143\250\203\120\152\041\127\213}{section.4.1}% 40
\BOOKMARK [2][-]{subsection.4.1.5}{\376\377\0004\000.\0001\000.\0005\000\040\133\236\163\260\176\306\202\202}{section.4.1}% 41
\BOOKMARK [1][-]{section.4.2}{\376\377\0004\000.\0002\000\040\116\073\133\236\232\214\176\323\147\234}{chapter.4}% 42
\BOOKMARK [1][-]{section.4.3}{\376\377\0004\000.\0003\000\040\155\210\207\215\133\236\232\214}{chapter.4}% 43
\BOOKMARK [1][-]{section.4.4}{\376\377\0004\000.\0004\000\040\225\177\134\076\162\151\124\301\143\250\203\120\122\006\147\220}{chapter.4}% 44
\BOOKMARK [1][-]{section.4.5}{\376\377\0004\000.\0005\000\040\213\355\116\111\000I\000D\215\050\221\317\122\006\147\220}{chapter.4}% 45
\BOOKMARK [1][-]{section.4.6}{\376\377\0004\000.\0006\000\040\147\054\172\340\134\017\176\323}{chapter.4}% 46
\BOOKMARK [0][]{chapter.5}{\376\377\173\054\0005\172\340\000\040\140\073\176\323\116\016\134\125\147\033}{thuchapter.1.-1}% 47
\BOOKMARK [1][-]{section.5.1}{\376\377\0005\000.\0001\000\040\135\345\117\134\140\073\176\323}{chapter.5}% 48
\BOOKMARK [1][-]{section.5.2}{\376\377\0005\000.\0002\000\040\147\052\147\145\134\125\147\033}{chapter.5}% 49
\BOOKMARK [0][]{section*.29}{\376\377\123\302\200\003\145\207\163\056}{thuchapter.1.-1}% 50
\BOOKMARK [0][]{section*.31}{\376\377\201\364\214\042}{thuchapter.1.-1}% 51
\BOOKMARK [0][]{section*.33}{\376\377\130\360\146\016}{thuchapter.1.-1}% 52
